[    0.000000] Initializing cgroup subsys cpuset
[    0.000000] Initializing cgroup subsys cpu
[    0.000000] Initializing cgroup subsys cpuacct
[    0.000000] Linux version 4.4.0-210-generic (buildd@lgw01-amd64-037) (gcc version 5.4.0 20160609 (Ubuntu 5.4.0-6ubuntu1~16.04.12) ) #242-Ubuntu SMP Fri Apr 16 09:57:00 UTC 2021 (Ubuntu 4.4.0-210.242-generic 4.4.262)
[    0.000000] KERNEL supported cpus:
[    0.000000]   Intel GenuineIntel
[    0.000000]   AMD AuthenticAMD
[    0.000000]   NSC Geode by NSC
[    0.000000]   Cyrix CyrixInstead
[    0.000000]   Centaur CentaurHauls
[    0.000000]   Transmeta GenuineTMx86
[    0.000000]   Transmeta TransmetaCPU
[    0.000000]   UMC UMC UMC UMC
[    0.000000] [Firmware Bug]: TSC doesn't count with P0 frequency!
[    0.000000] x86/fpu: xstate_offset[2]:  576, xstate_sizes[2]:  256
[    0.000000] x86/fpu: Supporting XSAVE feature 0x01: 'x87 floating point registers'
[    0.000000] x86/fpu: Supporting XSAVE feature 0x02: 'SSE registers'
[    0.000000] x86/fpu: Supporting XSAVE feature 0x04: 'AVX registers'
[    0.000000] x86/fpu: Enabled xstate features 0x7, context size is 832 bytes, using 'standard' format.
[    0.000000] e820: BIOS-provided physical RAM map:
[    0.000000] BIOS-e820: [mem 0x0000000000000000-0x000000000009fbff] usable
[    0.000000] BIOS-e820: [mem 0x000000000009fc00-0x000000000009ffff] reserved
[    0.000000] BIOS-e820: [mem 0x00000000000f0000-0x00000000000fffff] reserved
[    0.000000] BIOS-e820: [mem 0x0000000000100000-0x000000003ffeffff] usable
[    0.000000] BIOS-e820: [mem 0x000000003fff0000-0x000000003fffffff] ACPI data
[    0.000000] BIOS-e820: [mem 0x00000000fec00000-0x00000000fec00fff] reserved
[    0.000000] BIOS-e820: [mem 0x00000000fee00000-0x00000000fee00fff] reserved
[    0.000000] BIOS-e820: [mem 0x00000000fffc0000-0x00000000ffffffff] reserved
[    0.000000] NX (Execute Disable) protection: active
[    0.000000] SMBIOS 2.5 present.
[    0.000000] Hypervisor detected: KVM
[    0.000000] e820: last_pfn = 0x3fff0 max_arch_pfn = 0x1000000
[    0.000000] x86/PAT: Configuration [0-7]: WB  WC  UC- UC  WB  WC  UC- WT  
[    0.000000] CPU MTRRs all blank - virtualized system.
[    0.000000] found SMP MP-table at [mem 0x0009fbf0-0x0009fbff] mapped at [c009fbf0]
[    0.000000] Scanning 1 areas for low memory corruption
[    0.000000] RAMDISK: [mem 0x363a4000-0x371c9fff]
[    0.000000] ACPI: Early table checksum verification disabled
[    0.000000] ACPI: RSDP 0x00000000000E0000 000024 (v02 VBOX  )
[    0.000000] ACPI: XSDT 0x000000003FFF0030 00003C (v01 VBOX   VBOXXSDT 00000001 ASL  00000061)
[    0.000000] ACPI: FACP 0x000000003FFF00F0 0000F4 (v04 VBOX   VBOXFACP 00000001 ASL  00000061)
[    0.000000] ACPI: DSDT 0x000000003FFF02F0 002353 (v02 VBOX   VBOXBIOS 00000002 VBOX 000298F4)
[    0.000000] ACPI: FACS 0x000000003FFF0200 000040
[    0.000000] ACPI: FACS 0x000000003FFF0200 000040
[    0.000000] ACPI: APIC 0x000000003FFF0240 00005C (v02 VBOX   VBOXAPIC 00000001 ASL  00000061)
[    0.000000] ACPI: SSDT 0x000000003FFF02A0 000045 (v01 VBOX   VBOXCPUT 00000002 VBOX 000298F4)
[    0.000000] 131MB HIGHMEM available.
[    0.000000] 891MB LOWMEM available.
[    0.000000]   mapped low ram: 0 - 37bfe000
[    0.000000]   low ram: 0 - 37bfe000
[    0.000000] kvm-clock: Using msrs 4b564d01 and 4b564d00
[    0.000000] kvm-clock: cpu 0, msr 0:37bfd001, primary cpu clock
[    0.000000] kvm-clock: using sched offset of 3710657011 cycles
[    0.000000] clocksource: kvm-clock: mask: 0xffffffffffffffff max_cycles: 0x1cd42e4dffb, max_idle_ns: 881590591483 ns
[    0.000000] Zone ranges:
[    0.000000]   DMA      [mem 0x0000000000001000-0x0000000000ffffff]
[    0.000000]   Normal   [mem 0x0000000001000000-0x0000000037bfdfff]
[    0.000000]   HighMem  [mem 0x0000000037bfe000-0x000000003ffeffff]
[    0.000000] Movable zone start for each node
[    0.000000] Early memory node ranges
[    0.000000]   node   0: [mem 0x0000000000001000-0x000000000009efff]
[    0.000000]   node   0: [mem 0x0000000000100000-0x000000003ffeffff]
[    0.000000] Initmem setup node 0 [mem 0x0000000000001000-0x000000003ffeffff]
[    0.000000] Using APIC driver default
[    0.000000] ACPI: PM-Timer IO Port: 0x4008
[    0.000000] IOAPIC[0]: apic_id 2, version 32, address 0xfec00000, GSI 0-23
[    0.000000] ACPI: INT_SRC_OVR (bus 0 bus_irq 0 global_irq 2 dfl dfl)
[    0.000000] ACPI: INT_SRC_OVR (bus 0 bus_irq 9 global_irq 9 low level)
[    0.000000] Using ACPI (MADT) for SMP configuration information
[    0.000000] smpboot: Allowing 2 CPUs, 0 hotplug CPUs
[    0.000000] PM: Registered nosave memory: [mem 0x00000000-0x00000fff]
[    0.000000] PM: Registered nosave memory: [mem 0x0009f000-0x0009ffff]
[    0.000000] PM: Registered nosave memory: [mem 0x000a0000-0x000effff]
[    0.000000] PM: Registered nosave memory: [mem 0x000f0000-0x000fffff]
[    0.000000] e820: [mem 0x40000000-0xfebfffff] available for PCI devices
[    0.000000] Booting paravirtualized kernel on KVM
[    0.000000] clocksource: refined-jiffies: mask: 0xffffffff max_cycles: 0xffffffff, max_idle_ns: 7645519600211568 ns
[    0.000000] setup_percpu: NR_CPUS:8 nr_cpumask_bits:8 nr_cpu_ids:2 nr_node_ids:1
[    0.000000] PERCPU: Embedded 18 pages/cpu @f6380000 s42956 r0 d30772 u73728
[    0.000000] Built 1 zonelists in Zone order, mobility grouping on.  Total pages: 259800
[    0.000000] Kernel command line: BOOT_IMAGE=/boot/vmlinuz-4.4.0-210-generic root=LABEL=cloudimg-rootfs ro console=tty1 console=ttyS0
[    0.000000] PID hash table entries: 4096 (order: 2, 16384 bytes)
[    0.000000] Dentry cache hash table entries: 131072 (order: 7, 524288 bytes)
[    0.000000] Inode-cache hash table entries: 65536 (order: 6, 262144 bytes)
[    0.000000] Initializing CPU#0
[    0.000000] Initializing HighMem for node 0 (00037bfe:0003fff0)
[    0.000000] Initializing Movable for node 0 (00000000:00000000)
[    0.000000] Memory: 1008264K/1048120K available (8151K kernel code, 787K rwdata, 3216K rodata, 944K init, 724K bss, 39856K reserved, 0K cma-reserved, 135112K highmem)
[    0.000000] virtual kernel memory layout:
[    0.000000]     fixmap  : 0xfff15000 - 0xfffff000   ( 936 kB)
[    0.000000]     pkmap   : 0xffc00000 - 0xffe00000   (2048 kB)
[    0.000000]     vmalloc : 0xf83fe000 - 0xffbfe000   ( 120 MB)
[    0.000000]     lowmem  : 0xc0000000 - 0xf7bfe000   ( 891 MB)
[    0.000000]       .init : 0xc1be2000 - 0xc1cce000   ( 944 kB)
[    0.000000]       .data : 0xc17f61b8 - 0xc1be0d40   (4010 kB)
[    0.000000]       .text : 0xc1000000 - 0xc17f61b8   (8152 kB)
[    0.000000] Checking if this processor honours the WP bit even in supervisor mode...Ok.
[    0.000000] SLUB: HWalign=64, Order=0-3, MinObjects=0, CPUs=2, Nodes=1
[    0.000000] Hierarchical RCU implementation.
[    0.000000] 	Build-time adjustment of leaf fanout to 32.
[    0.000000] 	RCU restricting CPUs from NR_CPUS=8 to nr_cpu_ids=2.
[    0.000000] RCU: Adjusting geometry for rcu_fanout_leaf=32, nr_cpu_ids=2
[    0.000000] NR_IRQS:2304 nr_irqs:440 16
[    0.000000] Console: colour VGA+ 80x25
[    0.000000] console [tty1] enabled
[    0.000000] console [ttyS0] enabled
[    0.000000] allocated 1048576 bytes of page_ext
[    0.000000] tsc: Detected 3300.030 MHz processor
[    0.643423] Calibrating delay loop (skipped) preset value.. 6600.06 BogoMIPS (lpj=13200120)
[    0.649606] pid_max: default: 32768 minimum: 301
[    0.653085] ACPI: Core revision 20150930
[    0.657244] ACPI: 2 ACPI AML tables successfully acquired and loaded
[    0.662921] Security Framework initialized
[    0.666663] Yama: becoming mindful.
[    0.669466] AppArmor: AppArmor initialized
[    0.673514] Mount-cache hash table entries: 2048 (order: 1, 8192 bytes)
[    0.678412] Mountpoint-cache hash table entries: 2048 (order: 1, 8192 bytes)
[    0.684585] Initializing cgroup subsys io
[    0.688480] Initializing cgroup subsys memory
[    0.692563] Initializing cgroup subsys devices
[    0.695847] Initializing cgroup subsys freezer
[    0.700284] Initializing cgroup subsys net_cls
[    0.703795] Initializing cgroup subsys perf_event
[    0.707751] Initializing cgroup subsys net_prio
[    0.711437] Initializing cgroup subsys hugetlb
[    0.715118] Initializing cgroup subsys pids
[    0.720049] mce: CPU supports 0 MCE banks
[    0.723523] Last level iTLB entries: 4KB 512, 2MB 512, 4MB 256
[    0.728966] Last level dTLB entries: 4KB 2048, 2MB 2048, 4MB 1024, 1GB 0
[    0.736072] Spectre V1 : Mitigation: usercopy/swapgs barriers and __user pointer sanitization
[    0.744245] Spectre V2 : Spectre mitigation: LFENCE not serializing, switching to generic retpoline
[    0.752965] Spectre V2 : Mitigation: Full generic retpoline
[    0.757478] Spectre V2 : Spectre v2 / SpectreRSB mitigation: Filling RSB on context switch
[    0.826545] Freeing SMP alternatives memory: 36K
[    0.922580] ftrace: allocating 31668 entries in 62 pages
[    1.638157] smpboot: APIC(0) Converting physical 0 to logical package 0
[    1.643823] smpboot: Max logical packages: 1
[    1.648303] Enabling APIC mode:  Flat.  Using 1 I/O APICs
[    1.666152] ..TIMER: vector=0x30 apic1=0 pin1=2 apic2=-1 pin2=-1
[    1.779924] smpboot: CPU0: AMD Ryzen 9 5900XT 16-Core Processor (family: 0x19, model: 0x21, stepping: 0x2)
[    1.789412] Performance Events: Broken PMU hardware detected, using software events only.
[    1.797058] Failed to access perfctr msr (MSR c0010007 is 0)
[    1.922111] KVM setup paravirtual spinlock
[    1.927746] x86: Booting SMP configuration:
[    1.931628] .... node  #0, CPUs:      #1
[1266874885.998894] Initializing CPU#1
[    1.938681] kvm-clock: cpu 1, msr 0:37bfd041, secondary cpu clock
[    1.943699] mce: CPU supports 0 MCE banks
[    1.947833] x86: Booted up 1 node, 2 CPUs
[    1.951584] smpboot: Total of 2 processors activated (13200.12 BogoMIPS)
[    1.961120] devtmpfs: initialized
[    1.964208] evm: security.selinux
[    1.966960] evm: security.SMACK64
[    1.969811] evm: security.SMACK64EXEC
[    1.972848] evm: security.SMACK64TRANSMUTE
[    1.976274] evm: security.SMACK64MMAP
[    1.979283] evm: security.ima
[    1.981962] evm: security.capability
[    1.985705] clocksource: jiffies: mask: 0xffffffff max_cycles: 0xffffffff, max_idle_ns: 7645041785100000 ns
[    1.992999] futex hash table entries: 512 (order: 3, 32768 bytes)
[    1.998512] pinctrl core: initialized pinctrl subsystem
[    2.002979] RTC time: 13:50:50, date: 12/26/25
[    2.006980] NET: Registered protocol family 16
[    2.010771] EISA bus registered
[    2.022116] cpuidle: using governor ladder
[    2.034170] cpuidle: using governor menu
[    2.037549] PCCT header not found.
[    2.042883] ACPI: bus type PCI registered
[    2.046073] acpiphp: ACPI Hot Plug PCI Controller Driver version: 0.5
[    2.051858] PCI : PCI BIOS area is rw and x. Use pci=nobios if you want it NX.
[    2.057542] PCI: PCI BIOS revision 2.10 entry at 0xfda56, last bus=0
[    2.062857] PCI: Using configuration type 1 for base access
[    2.067611] PCI: Using configuration type 1 for extended access
[    2.086262] ACPI: Added _OSI(Module Device)
[    2.090333] ACPI: Added _OSI(Processor Device)
[    2.094073] ACPI: Added _OSI(3.0 _SCP Extensions)
[    2.098349] ACPI: Added _OSI(Processor Aggregator Device)
[    2.104000] ACPI: Executed 1 blocks of module-level executable AML code
[    2.114199] ACPI: Interpreter enabled
[    2.117430] ACPI: (supports S0 S5)
[    2.120476] ACPI: Using IOAPIC for interrupt routing
[    2.140037] PCI: Using host bridge windows from ACPI; if necessary, use "pci=nocrs" and report a bug
[    2.154698] ACPI: PCI Root Bridge [PCI0] (domain 0000 [bus 00-ff])
[    2.160054] acpi PNP0A03:00: _OSC: OS supports [ExtendedConfig ASPM ClockPM Segments MSI]
[    2.168324] acpi PNP0A03:00: _OSC: platform does not support [PCIeCapability]
[    2.174847] acpi PNP0A03:00: _OSC: not requesting control; platform does not support [PCIeCapability]
[    2.182489] acpi PNP0A03:00: _OSC: OS requested [PCIeHotplug PME AER PCIeCapability]
[    2.188658] acpi PNP0A03:00: _OSC: platform willing to grant [PCIeHotplug PME AER]
[    2.194824] acpi PNP0A03:00: _OSC failed (AE_SUPPORT); disabling ASPM
[    2.200675] PCI host bridge to bus 0000:00
[    2.204371] pci_bus 0000:00: root bus resource [io  0x0000-0x0cf7 window]
[    2.210147] pci_bus 0000:00: root bus resource [io  0x0d00-0xffff window]
[    2.215714] pci_bus 0000:00: root bus resource [mem 0x000a0000-0x000bffff window]
[    2.221815] pci_bus 0000:00: root bus resource [mem 0x40000000-0xfdffffff window]
[    2.227796] pci_bus 0000:00: root bus resource [bus 00-ff]
[    2.238413] pci 0000:00:01.1: legacy IDE quirk: reg 0x10: [io  0x01f0-0x01f7]
[    2.244096] pci 0000:00:01.1: legacy IDE quirk: reg 0x14: [io  0x03f6]
[    2.249460] pci 0000:00:01.1: legacy IDE quirk: reg 0x18: [io  0x0170-0x0177]
[    2.254818] pci 0000:00:01.1: legacy IDE quirk: reg 0x1c: [io  0x0376]
[    2.276679] pci 0000:00:07.0: quirk: [io  0x4000-0x403f] claimed by PIIX4 ACPI
[    2.283038] pci 0000:00:07.0: quirk: [io  0x4100-0x410f] claimed by PIIX4 SMB
[    2.297632] ACPI: PCI Interrupt Link [LNKA] (IRQs 5 9 10 *11)
[    2.306259] ACPI: PCI Interrupt Link [LNKB] (IRQs 5 9 *10 11)
[    2.313976] ACPI: PCI Interrupt Link [LNKC] (IRQs 5 *9 10 11)
[    2.321840] ACPI: PCI Interrupt Link [LNKD] (IRQs 5 9 10 *11)
[    2.329794] ACPI: Enabled 2 GPEs in block 00 to 07
[    2.335301] vgaarb: setting as boot device: PCI:0000:00:02.0
[    2.339833] vgaarb: device added: PCI:0000:00:02.0,decodes=io+mem,owns=io+mem,locks=none
[    2.346068] vgaarb: loaded
[    2.348445] vgaarb: bridge control possible 0000:00:02.0
[    2.353275] SCSI subsystem initialized
[    2.356980] ACPI: bus type USB registered
[    2.360488] usbcore: registered new interface driver usbfs
[    2.365217] usbcore: registered new interface driver hub
[    2.369674] usbcore: registered new device driver usb
[    2.375198] PCI: Using ACPI for IRQ routing
[    2.381812] NetLabel: Initializing
[    2.387362] NetLabel:  domain hash size = 128
[    2.394091] NetLabel:  protocols = UNLABELED CIPSOv4
[    2.399295] NetLabel:  unlabeled traffic allowed by default
[    2.404868] amd_nb: Cannot enumerate AMD northbridges
[    2.409550] clocksource: Switched to clocksource kvm-clock
[    2.435707] AppArmor: AppArmor Filesystem Enabled
[    2.440148] pnp: PnP ACPI init
[    2.444766] pnp: PnP ACPI: found 3 devices
[    2.448371] PnPBIOS: Disabled by ACPI PNP
[    2.517972] clocksource: acpi_pm: mask: 0xffffff max_cycles: 0xffffff, max_idle_ns: 2085701024 ns
[    2.524997] NET: Registered protocol family 2
[    2.529475] TCP established hash table entries: 8192 (order: 3, 32768 bytes)
[    2.535305] TCP bind hash table entries: 8192 (order: 4, 65536 bytes)
[    2.540788] TCP: Hash tables configured (established 8192 bind 8192)
[    2.546384] UDP hash table entries: 512 (order: 2, 16384 bytes)
[    2.551244] UDP-Lite hash table entries: 512 (order: 2, 16384 bytes)
[    2.556486] NET: Registered protocol family 1
[    2.560255] pci 0000:00:00.0: Limiting direct PCI/PCI transfers
[    2.565059] pci 0000:00:01.0: Activating ISA DMA hang workarounds
[    2.570327] Unpacking initramfs...
[    2.838318] Freeing initrd memory: 14488K
[    2.843367] clocksource: tsc: mask: 0xffffffffffffffff max_cycles: 0x2f91687e025, max_idle_ns: 440795288136 ns
[    2.853267] platform rtc_cmos: registered platform RTC device (no PNP device found)
[    2.860052] Scanning for low memory corruption every 60 seconds
[    2.866915] audit: initializing netlink subsys (disabled)
[    2.871699] audit: type=2000 audit(1766757055.463:1): initialized
[    2.877120] Initialise system trusted keyring
[    2.881983] HugeTLB registered 2 MB page size, pre-allocated 0 pages
[    2.888286] zbud: loaded
[    2.892054] VFS: Disk quotas dquot_6.6.0
[    2.895532] VFS: Dquot-cache hash table entries: 1024 (order 0, 4096 bytes)
[    2.901908] squashfs: version 4.0 (2009/01/31) Phillip Lougher
[    2.907629] fuse init (API version 7.23)
[    2.911904] Key type big_key registered
[    2.915890] Allocating IMA MOK and blacklist keyrings.
[    2.934120] Key type asymmetric registered
[    2.937852] Asymmetric key parser 'x509' registered
[    2.942088] bounce: pool size: 64 pages
[    2.945971] Block layer SCSI generic (bsg) driver version 0.4 loaded (major 249)
[    2.953142] io scheduler noop registered
[    2.957150] io scheduler deadline registered (default)
[    2.961630] io scheduler cfq registered
[    2.964921] pci_hotplug: PCI Hot Plug PCI Core version: 0.5
[    2.969758] pciehp: PCI Express Hot Plug Controller Driver version: 0.4
[    2.975459] ACPI: AC Adapter [AC] (on-line)
[    2.979060] input: Power Button as /devices/LNXSYSTM:00/LNXPWRBN:00/input/input0
[    2.985178] ACPI: Power Button [PWRF]
[    2.989113] input: Sleep Button as /devices/LNXSYSTM:00/LNXSLPBN:00/input/input1
[    2.995771] ACPI: Sleep Button [SLPF]
[    3.000054] GHES: HEST is not enabled!
[    3.003680] isapnp: Scanning for PnP cards...
[    3.003690] Serial: 8250/16550 driver, 32 ports, IRQ sharing enabled
[    3.033858] 00:02: ttyS0 at I/O 0x3f8 (irq = 4, base_baud = 115200) is a 16550A
[    3.038874] Linux agpgart interface v0.103
[    3.052240] loop: module loaded
[    3.057176] scsi host0: ata_piix
[    3.060958] scsi host1: ata_piix
[    3.064010] ata1: PATA max UDMA/33 cmd 0x1f0 ctl 0x3f6 bmdma 0xd000 irq 14
[    3.069977] ata2: PATA max UDMA/33 cmd 0x170 ctl 0x376 bmdma 0xd008 irq 15
[    3.075814] libphy: Fixed MDIO Bus: probed
[    3.079476] tun: Universal TUN/TAP device driver, 1.6
[    3.083772] tun: (C) 1999-2004 Max Krasnyansky <maxk@qualcomm.com>
[    3.088843] PPP generic driver version 2.4.2
[    3.093048] ehci_hcd: USB 2.0 'Enhanced' Host Controller (EHCI) Driver
[    3.098771] ehci-pci: EHCI PCI platform driver
[    3.103008] ehci-platform: EHCI generic platform driver
[    3.107474] ohci_hcd: USB 1.1 'Open' Host Controller (OHCI) Driver
[    3.112504] ohci-pci: OHCI PCI platform driver
[    3.116434] ohci-platform: OHCI generic platform driver
[    3.120923] uhci_hcd: USB Universal Host Controller Interface driver
[    3.127472] i8042: PNP: PS/2 Controller [PNP0303:PS2K,PNP0f03:PS2M] at 0x60,0x64 irq 1,12
[    3.138400] serio: i8042 KBD port at 0x60,0x64 irq 1
[    3.142656] serio: i8042 AUX port at 0x60,0x64 irq 12
[    3.147330] mousedev: PS/2 mouse device common for all mice
[    3.153304] input: AT Translated Set 2 keyboard as /devices/platform/i8042/serio0/input/input2
[    3.162471] rtc_cmos rtc_cmos: rtc core: registered rtc_cmos as rtc0
[    3.169176] rtc_cmos rtc_cmos: alarms up to one day, 114 bytes nvram
[    3.174840] i2c /dev entries driver
[    3.178160] device-mapper: uevent: version 1.0.3
[    3.182404] device-mapper: ioctl: 4.34.0-ioctl (2015-10-28) initialised: dm-devel@redhat.com
[    3.189431] platform eisa.0: Probing EISA bus 0
[    3.193680] platform eisa.0: EISA: Cannot allocate resource for mainboard
[    3.199371] platform eisa.0: Cannot allocate resource for EISA slot 1
[    3.205206] platform eisa.0: Cannot allocate resource for EISA slot 2
[    3.211046] platform eisa.0: Cannot allocate resource for EISA slot 3
[    3.216688] platform eisa.0: Cannot allocate resource for EISA slot 4
[    3.221950] platform eisa.0: Cannot allocate resource for EISA slot 5
[    3.227340] platform eisa.0: Cannot allocate resource for EISA slot 6
[    3.232876] platform eisa.0: Cannot allocate resource for EISA slot 7
[    3.238571] platform eisa.0: Cannot allocate resource for EISA slot 8
[    3.244255] platform eisa.0: EISA: Detected 0 cards
[    3.248828] cpufreq-nforce2: No nForce2 chipset.
[    3.253136] ledtrig-cpu: registered to indicate activity on CPUs
[    3.258470] NET: Registered protocol family 10
[    3.263044] NET: Registered protocol family 17
[    3.267419] Key type dns_resolver registered
[    3.271639] Using IPI No-Shortcut mode
[    3.275672] registered taskstats version 1
[    3.279686] Loading compiled-in X.509 certificates
[    3.339514] Loaded X.509 cert 'Build time autogenerated kernel key: 20ac0ed02049a72ce76c079ea50dd43d3ac5969c'
[    3.347900] zswap: loaded using pool lzo/zbud
[    3.354031] Key type trusted registered
[    3.360708] Key type encrypted registered
[    3.364286] AppArmor: AppArmor sha1 policy hashing enabled
[    3.368955] ima: No TPM chip found, activating TPM-bypass!
[    3.373754] ima: Allocated hash algorithm: sha1
[    3.378129] evm: HMAC attrs: 0x1
[    3.382054]   Magic number: 5:159:838
[    3.385907] rtc_cmos rtc_cmos: setting system clock to 2025-12-26 13:50:52 UTC (1766757052)
[    3.393070] BIOS EDD facility v0.16 2004-Jun-25, 0 devices found
[    3.398161] EDD information not available.
[    3.430644] isapnp: No Plug & Play device found
[    3.435537] Freeing unused kernel memory: 944K
[    3.454234] Write protecting the kernel text: 8156k
[    3.458423] Write protecting the kernel read-only data: 3220k
[    3.463046] NX-protecting the kernel data: 6180k
Loading, please wait...
starting version 229
[    3.492134] random: udevadm: uninitialized urandom read (16 bytes read, 4 bits of entropy available)
[    3.492217] random: systemd-udevd: uninitialized urandom read (16 bytes read, 4 bits of entropy available)
[    3.492320] random: systemd-udevd: uninitialized urandom read (16 bytes read, 4 bits of entropy available)
[    3.492332] random: systemd-udevd: uninitialized urandom read (16 bytes read, 4 bits of entropy available)
[    3.535803] random: systemd-udevd: uninitialized urandom read (16 bytes read, 4 bits of entropy available)
[    3.536282] random: udevadm: uninitialized urandom read (16 bytes read, 4 bits of entropy available)
[    3.536310] random: udevadm: uninitialized urandom read (16 bytes read, 4 bits of entropy available)
[    3.536394] random: udevadm: uninitialized urandom read (16 bytes read, 4 bits of entropy available)
[    3.536424] random: udevadm: uninitialized urandom read (16 bytes read, 4 bits of entropy available)
[    3.536500] random: udevadm: uninitialized urandom read (16 bytes read, 4 bits of entropy available)
[    3.611881] Fusion MPT base driver 3.04.20
[    3.615583] Copyright (c) 1999-2008 LSI Corporation
[    3.641247] e1000: Intel(R) PRO/1000 Network Driver - version 7.3.21-k8-NAPI
[    3.647281] e1000: Copyright (c) 1999-2006 Intel Corporation.
[    3.682307] Fusion MPT SPI Host driver 3.04.20
[    3.925835] input: ImExPS/2 Generic Explorer Mouse as /devices/platform/i8042/serio1/input/input4
[    4.301821] e1000 0000:00:03.0 eth0: (PCI:33MHz:32-bit) 02:4c:f1:9f:ae:47
[    4.307495] e1000 0000:00:03.0 eth0: Intel(R) PRO/1000 Network Connection
[    4.887957] e1000 0000:00:08.0 eth1: (PCI:33MHz:32-bit) 08:00:27:4b:c8:69
[    4.893516] e1000 0000:00:08.0 eth1: Intel(R) PRO/1000 Network Connection
[    4.900580] mptbase: ioc0: Initiating bringup
[    4.901204] e1000 0000:00:03.0 enp0s3: renamed from eth0
[    4.913933] e1000 0000:00:08.0 enp0s8: renamed from eth1
[    4.991719] ioc0: LSI53C1030 A0: Capabilities={Initiator}
[    5.957426] scsi host2: ioc0: LSI53C1030 A0, FwRev=00000000h, Ports=1, MaxQ=256, IRQ=20
[    6.082808] scsi 2:0:0:0: Direct-Access     VBOX     HARDDISK         1.0  PQ: 0 ANSI: 5
[    6.089145] scsi target2:0:0: Beginning Domain Validation
[    6.099668] scsi target2:0:0: Domain Validation skipping write tests
[    6.105302] scsi target2:0:0: Ending Domain Validation
[    6.110293] scsi target2:0:0: asynchronous
[    6.116715] scsi 2:0:1:0: Direct-Access     VBOX     HARDDISK         1.0  PQ: 0 ANSI: 5
[    6.123523] scsi target2:0:1: Beginning Domain Validation
[    6.133777] scsi target2:0:1: Domain Validation skipping write tests
[    6.138693] scsi target2:0:1: Ending Domain Validation
[    6.143573] scsi target2:0:1: asynchronous
[    6.174184] sd 2:0:0:0: Attached scsi generic sg0 type 0
[    6.180441] sd 2:0:0:0: [sda] 83886080 512-byte logical blocks: (42.9 GB/40.0 GiB)
[    6.183214] sd 2:0:1:0: Attached scsi generic sg1 type 0
[    6.183754] sd 2:0:1:0: [sdb] 20480 512-byte logical blocks: (10.5 MB/10.0 MiB)
[    6.184472] sd 2:0:1:0: [sdb] Write Protect is off
[    6.184942] sd 2:0:1:0: [sdb] Write cache: enabled, read cache: enabled, supports DPO and FUA
[    6.191787] sd 2:0:1:0: [sdb] Attached SCSI disk
[    6.220283] sd 2:0:0:0: [sda] Write Protect is off
[    6.225288] sd 2:0:0:0: [sda] Write cache: enabled, read cache: enabled, supports DPO and FUA
[    6.236015]  sda: sda1
[    6.241020] sd 2:0:0:0: [sda] Attached SCSI disk
Begin: Loading essential drivers ... [    7.535975] md: linear personality registered for level -1
[    7.545191] md: multipath personality registered for level -4
[    7.553696] md: raid0 personality registered for level 0
[    7.571910] md: raid1 personality registered for level 1
[    7.650171] raid6: mmxx1    gen()  4682 MB/s
[    7.721667] raid6: mmxx2    gen()  8024 MB/s
[    7.789664] raid6: sse1x1   gen()  4410 MB/s
[    7.857617] raid6: sse1x2   gen()  7404 MB/s
[    7.925800] raid6: sse2x1   gen()  9606 MB/s
[    7.993880] raid6: sse2x1   xor() 14398 MB/s
[    8.061652] raid6: sse2x2   gen() 17354 MB/s
[    8.129929] raid6: sse2x2   xor() 18489 MB/s
[    8.197595] raid6: avx2x1   gen() 21795 MB/s
[    8.266142] raid6: avx2x2   gen() 38339 MB/s
[    8.269866] raid6: using algorithm avx2x2 gen() 38339 MB/s
[    8.274275] raid6: using avx2x1 recovery algorithm
[    8.283155] xor: automatically using best checksumming function:
[  203.501553] INFO: rcu_sched self-detected stall on CPU[  203.502154] INFO: rcu_sched detected stalls on CPUs/tasks:
[  203.502156] 	1-...: (5 ticks this GP) idle=011/140000000000001/0 softirq=721/723 fqs=4 
[  203.502156] 	(detected by 0, t=48804 jiffies, g=-168, c=-169, q=39)
[  203.502157] Task dump for CPU 1:
[  203.502158] modprobe        R running      0   241    227 0x00000008
[  203.502160]  f37afa80 c1b23740 f6d2fe10 c100212d 024000c0 c1a2392d f842f0aa f76e1480
[  203.502162]  00000001 03000000 f76e1480 00000000 03000000 f6d2fdec 00000246 00000000
[  203.502164]  c1cd7e18 c1bbbb00 00000002 00000246 f6d2fe10 c11d1d95 f7504ec8 00000007
[  203.502165] Call Trace:
[  203.502170]  [<c100212d>] ? do_one_initcall+0xad/0x210
[  203.502173]  [<f842f0aa>] ? do_xor_speed+0xaa/0xaa [xor]
[  203.502175]  [<c11d1d95>] ? kmem_cache_alloc_trace+0x185/0x1e0
[  203.502178]  [<c17e5c9d>] ? do_init_module+0x21/0x1b0
[  203.502178]  [<c17e5c9d>] ? do_init_module+0x21/0x1b0
[  203.502180]  [<c17e5ccc>] ? do_init_module+0x50/0x1b0
[  203.502181]  [<c11000bb>] ? load_module+0x15db/0x1ab0
[  203.502183]  [<c10fcb59>] ? copy_module_from_fd.isra.54+0xf9/0x190
[  203.502184]  [<c11007c5>] ? SyS_finit_module+0xa5/0xf0
[  203.502186]  [<c1199083>] ? vm_mmap_pgoff+0xa3/0xc0
[  203.502187]  [<c10038cf>] ? do_fast_syscall_32+0x9f/0x190
[  203.502188]  [<c17f3fb0>] ? sysenter_past_esp+0x3d/0x5d
[  203.502189] rcu_sched kthread starved for 48796 jiffies! g4294967128 c4294967127 f0x0 s3 ->state=0x1

[  203.610349] 
[  203.611952] 	1-...: (5 ticks this GP) idle=011/140000000000001/0 softirq=721/723 fqs=5 
[  203.617636] 	 (t=48804 jiffies g=-168 c=-169 q=39)
[  203.621278] Task dump for CPU 1:
[  203.623803] modprobe        R running      0   241    227 0x00000008
[  203.628773]  68f3bca7 68f3bca7 f6e25000 f6d2fbc0 c10a0889 c1a2235b 00000000 000000f1
[  203.636144]  000000e3 00000008 00000001 c1b46a40 f6d2fbd4 c10a2c46 c1a2239c 00000001
[  203.643495]  00000002 f6d2fbec c10da3ad c1b46a40 c1b46a40 f639c4c0 c1b46a40 f6d2fc3c
[  203.650829] Call Trace:
[  203.652715]  [<c10a0889>] sched_show_task+0xb9/0x130
[  203.656304]  [<c10a2c46>] dump_cpu_task+0x36/0x40
[  203.659839]  [<c10da3ad>] rcu_dump_cpu_stacks+0x6d/0xb0
[  203.663751]  [<c10dde61>] rcu_check_callbacks+0x4c1/0x720
[  203.667680]  [<c10e30f2>] update_process_times+0x32/0x60
[  203.671523]  [<c10f4f60>] tick_sched_handle.isra.13+0x30/0x60
[  203.675658]  [<c10f4fca>] tick_sched_timer+0x3a/0x80
[  203.679355]  [<c10e3c72>] __hrtimer_run_queues+0xd2/0x280
[  203.683377]  [<c10f4f90>] ? tick_sched_handle.isra.13+0x60/0x60
[  203.687582]  [<f848dbd0>] ? xor_avx_3+0x230/0x230 [xor]
[  203.691468]  [<c10e44dd>] hrtimer_interrupt+0x8d/0x1a0
[  203.695206]  [<f848dbd0>] ? xor_avx_3+0x230/0x230 [xor]
[  203.698971]  [<c1050bc7>] local_apic_timer_interrupt+0x37/0x60
[  203.703327]  [<c17f53af>] smp_apic_timer_interrupt+0x3f/0x60
[  203.707379]  [<c17f4a38>] apic_timer_interrupt+0x34/0x3c
[  203.711218]  [<f848dbd0>] ? xor_avx_3+0x230/0x230 [xor]
[  203.714999]  [<f842f06e>] ? do_xor_speed+0x6e/0xaa [xor]
[  203.718853]  [<f842f0aa>] ? do_xor_speed+0xaa/0xaa [xor]
[  203.722741]  [<f842f10f>] calibrate_xor_blocks+0x65/0xf56 [xor]
[  203.727057]  [<c100212d>] do_one_initcall+0xad/0x210
[  203.730643]  [<f842f0aa>] ? do_xor_speed+0xaa/0xaa [xor]
[  203.734498]  [<c11d1d95>] ? kmem_cache_alloc_trace+0x185/0x1e0
[  203.738794]  [<c17e5c9d>] ? do_init_module+0x21/0x1b0
[  203.742532]  [<c17e5c9d>] ? do_init_module+0x21/0x1b0
[  203.746317]  [<c17e5ccc>] do_init_module+0x50/0x1b0
[  203.749954]  [<c11000bb>] load_module+0x15db/0x1ab0
[  203.753534]  [<c10fcb59>] ? copy_module_from_fd.isra.54+0xf9/0x190
[  203.758179]  [<c11007c5>] SyS_finit_module+0xa5/0xf0
[  203.761838]  [<c1199083>] ? vm_mmap_pgoff+0xa3/0xc0
[  203.765346]  [<c10038cf>] do_fast_syscall_32+0x9f/0x190
[  203.769226]  [<c17f3fb0>] sysenter_past_esp+0x3d/0x5d
[  203.826557]    avx       : -1766310.-488 MB/sec
[  203.832518] async_tx: api initialized (async)
[  203.879440] md: raid6 personality registered for level 6
[  203.883818] md: raid5 personality registered for level 5
[  203.888244] md: raid4 personality registered for level 4
[  203.912557] md: raid10 personality registered for level 10
done.
Begin: Running /scripts/init-premount ... done.
Begin: Mounting root file system ... Begin: Running /scripts/local-top ... done.
Begin: Running /scripts/local-premount ... [  204.006426] Btrfs loaded
Scanning for Btrfs filesystems
done.
Warning: fsck not present, so skipping root file system
[  204.054037] EXT4-fs (sda1): mounted filesystem with ordered data mode. Opts: (null)
done.
Begin: Running /scripts/local-bottom ... done.
Begin: Running /scripts/init-bottom ... done.
[  204.205244] systemd[1]: systemd 229 running in system mode. (+PAM +AUDIT +SELINUX +IMA +APPARMOR +SMACK +SYSVINIT +UTMP +LIBCRYPTSETUP +GCRYPT +GNUTLS +ACL +XZ -LZ4 +SECCOMP +BLKID +ELFUTILS +KMOD -IDN)
[  204.218585] systemd[1]: Detected virtualization oracle.
[  204.222883] systemd[1]: Detected architecture x86.

Welcome to [1mUbuntu 16.04.7 LTS[0m!

[  204.232862] systemd[1]: Set hostname to <ubuntu>.
[  204.241887] systemd[1]: Initializing machine ID from random generator.
[  204.246916] systemd[1]: Installed transient /etc/machine-id file.
[  204.413109] systemd[1]: Created slice User and Session Slice.
[[0;32m  OK  [0m] Created slice User and Session Slice.
[  204.420592] systemd[1]: Listening on Syslog Socket.
[[0;32m  OK  [0m] Listening on Syslog Socket.
[  204.429210] systemd[1]: Listening on Journal Socket (/dev/log).
[[0;32m  OK  [0m] Listening on Journal Socket (/dev/log).
[  204.438976] systemd[1]: Reached target User and Group Name Lookups.
[[0;32m  OK  [0m] Reached target User and Group Name Lookups.
[  204.448946] systemd[1]: Listening on Journal Audit Socket.
[[0;32m  OK  [0m] Listening on Journal Audit Socket.
[  204.458775] systemd[1]: Set up automount Arbitrary Executable File Formats File System Automount Point.
[[0;32m  OK  [0m] Set up automount Arbitrary Executab...ats File System Automount Point.
[  204.471795] systemd[1]: Listening on udev Control Socket.
[[0;32m  OK  [0m] Listening on udev Control Socket.
[  204.480649] systemd[1]: Reached target Swap.
[[0;32m  OK  [0m] Reached target Swap.
[  204.488913] systemd[1]: Reached target Encrypted Volumes.
[[0;32m  OK  [0m] Reached target Encrypted Volumes.
[  204.498372] systemd[1]: Listening on Device-mapper event daemon FIFOs.
[[0;32m  OK  [0m] Listening on Device-mapper event daemon FIFOs.
[  204.508288] systemd[1]: Listening on LVM2 poll daemon socket.
[[0;32m  OK  [0m] Listening on LVM2 poll daemon socket.
[  204.517392] systemd[1]: Listening on fsck to fsckd communication Socket.
[[0;32m  OK  [0m] Listening on fsck to fsckd communication Socket.
[  204.527594] systemd[1]: Reached target System Time Synchronized.
[[0;32m  OK  [0m] Reached target System Time Synchronized.
[  204.537099] systemd[1]: Listening on LVM2 metadata daemon socket.
[[0;32m  OK  [0m] Listening on LVM2 metadata daemon socket.
[  204.546525] systemd[1]: Listening on /dev/initctl Compatibility Named Pipe.
[[0;32m  OK  [0m] Listening on /dev/initctl Compatibility Named Pipe.
[  204.570824] systemd[1]: Started Trigger resolvconf update for networkd DNS.
[[0;32m  OK  [0m] Started Trigger resolvconf update for networkd DNS.
[  204.581474] systemd[1]: Created slice System Slice.
[[0;32m  OK  [0m] Created slice System Slice.
[  204.590147] systemd[1]: Reached target Slices.
[[0;32m  OK  [0m] Reached target Slices.
[  204.598246] systemd[1]: Created slice system-serial\x2dgetty.slice.
[[0;32m  OK  [0m] Created slice system-serial\x2dgetty.slice.
[  204.607968] systemd[1]: Listening on udev Kernel Socket.
[[0;32m  OK  [0m] Listening on udev Kernel Socket.
[  204.617236] systemd[1]: Listening on Journal Socket.
[[0;32m  OK  [0m] Listening on Journal Socket.
[  204.643240] systemd[1]: Starting Monitoring of LVM2 mirrors, snapshots etc. using dmeventd or progress polling...
         Starting Monitoring of LVM2 mirrors... dmeventd or progress polling...
[  204.655751] systemd[1]: Mounting Huge Pages File System...
         Mounting Huge Pages File System...
[  204.665553] systemd[1]: Mounting POSIX Message Queue File System...
         Mounting POSIX Message Queue File System...
[  204.675701] systemd[1]: Starting Load Kernel Modules...
         Starting Load Kernel Modules...
[  204.686221] systemd[1]: Starting Set console keymap...
         Starting Set console keymap...
[  204.695400] systemd[1]: Starting File System Check on Root Device...
         Starting File System Check on Root Device...
[  204.704306] Loading iSCSI transport class v2.0-870.
[  204.709534] systemd[1]: Mounting Debug File System...
         Mountin[  204.715897] systemd[1]: Starting Nameserver information manager...
g Debug File System...
         Startin[  204.724303] systemd[1]: Starting Journal Service...
g Nameserver information manager...
         Startin[  204.729035] systemd[1]: Starting Create list of required static device nodes for the current kernel...
g Journal Service...
[  204.734682] random: nonblocking pool is initialized
         Starting Create list of required st... nodes for the current kernel...
[  204.746459] systemd[1]: Starting Uncomplicated firewall...
         Starting Uncomplicated firewall...
[  204.760250] systemd[1]: Started Forward Password Requests to Wall Directory Watch.
[  204.766596] iscsi: registered transport (tcp)
[[0;32m  OK  [0m] Started Forward Password Requests to Wall Directory Watch.
[  204.775421] systemd[1]: Mounted Huge Pages File System.
[[0;32m  OK  [0m] Mounted Huge Pages File System.
[  204.784957] systemd[1]: Mounted POSIX Message Queue File System.
[[0;32m  OK  [0m] Mounted POSIX Message Queue File System.
[  204.795503] systemd[1]: Mounted Debug File System.
[[0;32m  OK  [0m] Mounted Debug File System.
[  204.806488] systemd[1]: Started Journal Service.
[[0;32m  OK  [0m] Started Journal Service.
[[0;32m  OK  [0m] Started Set console keymap.
[[0;32m  OK  [0m] Started File System Check on Root Device.
[[0;32m  OK  [0m] Started Create list of required sta...ce nodes for the current kernel.
[[0;32m  OK  [0m] Started Uncomplicated firewall.
[[0;32m  OK  [0m] Started Nameserver information manager.
[[0;32m  OK  [0m] Started LVM2 metadata daemon.
[[0;32m  OK  [0m] Started File System Check Daemon to report status.
         Starting Create Static Device Nodes in /dev...
         Starting Remount Root and Kernel File Systems...
[  204.882200] EXT4-fs (sda1): re-mounted. Opts: (null)
[  204.883911] iscsi: registered transport (iser)
[[0;32m  OK  [0m] Started Remount Root and Kernel File Systems.
[[0;32m  OK  [0m] Started Load Kernel Modules.
         Mounting FUSE Control File System...
         Starting Apply Kernel Variables...
         Starting udev Coldplug all Devices...
         Starting Flush Journal to Persistent Storage...
         Starting Load/Save Random Seed...
[[0;32m  OK  [0m] Mounted FUSE Control File System.
[[0;32m  OK  [0m] Started Create Static Device Nodes in /dev.
[[0;32m  OK  [0m] Started Apply Kernel Variables.
[[0;32m  OK  [0m] Started Load/Save Random Seed.
         Starting udev Kernel Device Manager...
[[0;32m  OK  [0m] Started Flush Journal to Persistent Storage.
[[0;32m  OK  [0m] Started udev Coldplug all Devices.
[[0;32m  OK  [0m] Started udev Kernel Device Manager.
[[0;32m  OK  [0m] Started Dispatch Password Requests to Console Directory Watch.
[[0;32m  OK  [0m] Started Monitoring of LVM2 mirrors,...ng dmeventd or progress polling.
[[0;32m  OK  [0m] Reached target Local File Systems (Pre).
[[0;32m  OK  [0m] Reached target Local File Systems.
         Starting Commit a transient machine-id on disk...
         Starting Set console font and keymap...
         Starting LSB: AppArmor initialization...
         Starting Tell Plymouth To Write Out Runtime Data...
         Starting Create Volatile Files and Directories...
         Starting Initial cloud-init job (pre-networking)...
[[0;32m  OK  [0m] Started Create Volatile Files and Directories.
[[0;32m  OK  [0m] Started Tell Plymouth To Write Out Runtime Data.
[[0;32m  OK  [0m] Started Commit a transient machine-id on disk.
[[0;32m  OK  [0m] Found device /dev/ttyS0.
[[0;32m  OK  [0m] Listening on Load/Save RF Kill Switch Status /dev/rfkill Watch.
         Starting Update UTMP about System Boot/Shutdown...
[[0;32m  OK  [0m] Started Update UTMP about System Boot/Shutdown.
[[0;32m  OK  [0m] Started Set console font and keymap.
[[0;32m  OK  [0m] Created slice system-getty.slice.
[[0;32m  OK  [0m] Started LSB: AppArmor initialization.
         Starting Load AppArmor profiles managed internally by snapd...
[[0;32m  OK  [0m] Started Load AppArmor profiles managed internally by snapd.
[  204.835762] cloud-init[531]: Cloud-init v. 21.1-19-gbad84ad4-0ubuntu1~16.04.2 running 'init-local' at Fri, 26 Dec 2025 13:54:15 +0000. Up 204.63 seconds.
[[0;32m  OK  [0m] Started Initial cloud-init job (pre-networking).
[[0;32m  OK  [0m] Reached target Network (Pre).
         Starting Raise network interfaces...
[[0;32m  OK  [0m] Started Raise network interfaces.
         Starting Initial cloud-init job (metadata service crawler)...
[[0;32m  OK  [0m] Reached target Network.
[  205.874156] cloud-init[955]: Cloud-init v. 21.1-19-gbad84ad4-0ubuntu1~16.04.2 running 'init' at Fri, 26 Dec 2025 13:54:15 +0000. Up 205.31 seconds.
[  205.879314] cloud-init[955]: ci-info: ++++++++++++++++++++++++++++++++++++++Net device info+++++++++++++++++++++++++++++++++++++++
[  205.884422] cloud-init[955]: ci-info: +--------+-------+----------------------------+---------------+--------+-------------------+
[  205.889232] cloud-init[955]: ci-info: | Device |   Up  |          Address           |      Mask     | Scope  |     Hw-Address    |
[  205.893763] cloud-init[955]: ci-info: +--------+-------+----------------------------+---------------+--------+-------------------+
[  205.898313] cloud-init[955]: ci-info: | enp0s3 |  True |         10.0.2.15          | 255.255.255.0 | global | 02:4c:f1:9f:ae:47 |
[  205.902799] cloud-init[955]: ci-info: | enp0s3 |  True | fe80::4c:f1ff:fe9f:ae47/64 |       .       |  link  | 02:4c:f1:9f:ae:47 |
[  205.907679] cloud-init[955]: ci-info: | enp0s8 | False |             .              |       .       |   .    | 08:00:27:4b:c8:69 |
[  205.912641] cloud-init[955]: ci-info: |   lo   |  True |         127.0.0.1          |   255.0.0.0   |  host  |         .         |
[  205.917281] cloud-init[955]: ci-info: |   lo   |  True |          ::1/128           |       .       |  host  |         .         |
[  205.921755] cloud-init[955]: ci-info: +--------+-------+----------------------------+---------------+--------+-------------------+
[  205.926370] cloud-init[955]: ci-info: +++++++++++++++++++++++++++Route IPv4 info++++++++++++++++++++++++++++
[  205.930487] cloud-init[955]: ci-info: +-------+-------------+----------+---------------+-----------+-------+
[  205.934630] cloud-init[955]: ci-info: | Route | Destination | Gateway  |    Genmask    | Interface | Flags |
[  205.939075] cloud-init[955]: ci-info: +-------+-------------+----------+---------------+-----------+-------+
[  205.943438] cloud-init[955]: ci-info: |   0   |   0.0.0.0   | 10.0.2.2 |    0.0.0.0    |   enp0s3  |   UG  |
[  205.947626] cloud-init[955]: ci-info: |   1   |   10.0.2.0  | 0.0.0.0  | 255.255.255.0 |   enp0s3  |   U   |
[  205.951809] cloud-init[955]: ci-info: +-------+-------------+----------+---------------+-----------+-------+
[  205.955892] cloud-init[955]: ci-info: +++++++++++++++++++Route IPv6 info+++++++++++++++++++
[  205.959655] cloud-init[955]: ci-info: +-------+-------------+---------+-----------+-------+
[[  205.963508] cloud-init[955]: ci-info: | Route | Destination | Gateway | Interface | Flags |
[  205.965061] cloud-init[955]: ci-info: +-------+-------------+---------+-----------+-------+
[  205.965436] cloud-init[955]: ci-info: |   0   |  fe80::/64  |    ::   |   enp0s3  |   U   |
[  205.965775] cloud-init[955]: ci-info: |   3   |   ff00::/8  |    ::   |   enp0s3  |   U   |
[  205.966092] cloud-init[955]: ci-info: +-------+-------------+---------+-----------+-------+
[  205.966452] cloud-init[955]: Generating public/private rsa key pair.
[  205.966774] cloud-init[955]: Your identification has been saved in /etc/ssh/ssh_host_rsa_key.
[  205.967431] cloud-init[955]: Your public key has been saved in /etc/ssh/ssh_host_rsa_key.pub.
[  205.967760] cloud-init[955]: The key fingerprint is:
[  205.968217] cloud-init[955]: SHA256:I88oEpucKGp7L8PtEAG821n6qRdXLVcVitz59cQm7GY root@ubuntu-xenial
[  205.968462] cloud-init[955]: The key's randomart image is:
[  205.968840] cloud-init[955]: +---[RSA 2048]----+
[  205.969159] cloud-init[955]: |..            .o.|
[  205.969518] cloud-init[955]: | ..       . ooo. |
[  205.969893] cloud-init[955]: |  ..      .o.+o =|
[  205.970228] cloud-init[955]: | .  ..   o o ..+o|
[  205.970565] cloud-init[955]: |  +.+ . S o   E..|
[  205.970902] cloud-init[955]: | + O.. * .   o   |
[  205.971253] cloud-init[955]: |o B.+ = o        |
[  205.971585] cloud-init[955]: |o. *.*           |
[  205.971916] cloud-init[955]: |o.o.Bo           |
[  205.972610] cloud-init[955]: +----[SHA256]-----+
[  205.972967] cloud-init[955]: Generating public/private dsa key pair.
[  205.973310] cloud-init[955]: Your identification has been saved in /etc/ssh/ssh_host_dsa_key.
[  205.973641] cloud-init[955]: Your public key has been saved in /etc/ssh/ssh_host_dsa_key.pub.
[  205.973976] cloud-init[955]: The key fingerprint is:
[  205.974311] cloud-init[955]: SHA256:SQ19G7SwKcFH4dBWaUeomgStYn7Q7s+x95Kvx0eYbIk root@ubuntu-xenial
[  205.974663] cloud-init[955]: The key's randomart image is:
[  205.974986] cloud-init[955]: +---[DSA 1024]----+
[  205.975321] cloud-init[955]: |       o++++o+.  |
[  205.975652] cloud-init[955]: |      . o*=+*..  |
[  205.975999] cloud-init[955]: |     . ooo=+.+   |
[  205.976728] cloud-init[955]: |    + o..o. .    |
[  205.977071] cloud-init[955]: |   o + .So o +   |
[  205.977404] cloud-init[955]: |    . o o E * .  |
[  205.977747] cloud-init[955]: |     o  .  + .   |
[  205.978110] cloud-init[955]: |      .. o+ o .  |
[  205.978445] cloud-init[955]: |       .+..*o.   |
[  205.978779] cloud-init[955]: +----[SHA256]-----+
[  205.979157] cloud-init[955]: Generating public/private ecdsa key pair.
[  205.979515] cloud-init[955]: Your identification has been saved in /etc/ssh/ssh_host_ecdsa_key.
[  205.979905] cloud-init[955]: Your public key has been saved in /etc/ssh/ssh_host_ecdsa_key.pub.
[  205.980604] cloud-init[955]: The key fingerprint is:
[  205.980982] cloud-init[955]: SHA256:Kur3Ho+t4yZKSrilideUFTAStCQi+8KVUatP/pa878g root@ubuntu-xenial
[  205.981341] cloud-init[955]: The key's randomart image is:
[  205.981701] cloud-init[955]: +---[ECDSA 256]---+
[  205.982055] cloud-init[955]: |+.=o+o           |
[  205.982387] cloud-init[955]: |o+ oo.o          |
[  205.982725] cloud-init[955]: |. .o . .         |
[  205.983062] cloud-init[955]: |... . .          |
[  205.983403] cloud-init[955]: |.... +  S        |
[  205.983740] cloud-init[955]: |..  *  .         |
[  205.984075] cloud-init[955]: |..oo.o+ .        |
[  205.984409] cloud-init[955]: |oB..+.=O.        |
[  205.985227] cloud-init[955]: |*o+o *BE*o       |
[  205.985562] cloud-init[955]: +----[SHA256]-----+
[  205.985896] cloud-init[955]: Generating public/private ed25519 key pair.
[  205.986244] cloud-init[955]: Your identification has been saved in /etc/ssh/ssh_host_ed25519_key.
[  205.986572] cloud-init[955]: Your public key has been saved in /etc/ssh/ssh_host_ed25519_key.pub.
[  205.986967] cloud-init[955]: The key fingerprint is:
[  205.987301] cloud-init[955]: SHA256:FC+EAi8+6P3hbfLdKOqsy3UeF29dHnVcP7g8hAjm7MQ root@ubuntu-xenial
[  205.987629] cloud-init[955]: The key's randomart image is:
[  205.987971] cloud-init[955]: +--[ED25519 256]--+
[  205.988688] cloud-init[955]: |  ..   +o       .|
[  205.989053] cloud-init[955]: |   .. *..o. . ..o|
[  205.989507] cloud-init[955]: |  . .. Eo... o .=|
[  205.989748] cloud-init[955]: | o .  o. .  o . +|
[  205.990081] cloud-init[955]: |. o    .S.   + o |
[  205.990412] cloud-init[955]: |. ..      o . + .|
[  205.990772] cloud-init[955]: | . . o o . o . . |
[  205.991143] cloud-init[955]: |  . =.=o+ +      |
[  205.991477] cloud-init[955]: |   ++*=+.o .     |
[  205.991812] cloud-init[955]: +----[SHA256]-----+
[0;32m  OK  [0m] Started Initial cloud-init job (metadata service crawler).
[[0;32m  OK  [0m] Reached target System Initialization.
[[0;32m  OK  [0m] Started Daily apt download activities.
[[0;32m  OK  [0m] Started Daily Cleanup of Temporary Directories.
[[0;32m  OK  [0m] Started Ubuntu Advantage update messaging.
         Starting Socket activation for snappy daemon.
         Starting LXD - unix socket.
[[0;32m  OK  [0m] Started Daily apt upgrade and clean activities.
[[0;32m  OK  [0m] Listening on D-Bus System Message Bus Socket.
[[0;32m  OK  [0m] Listening on UUID daemon activation socket.
[[0;32m  OK  [0m] Started Message of the Day.
[[0;32m  OK  [0m] Listening on ACPID Listen Socket.
[[0;32m  OK  [0m] Reached target Timers.
[[0;32m  OK  [0m] Started ACPI Events Check.
[[0;32m  OK  [0m] Reached target Paths.
[[0;32m  OK  [0m] Reached target Cloud-config availability.
[[0;32m  OK  [0m] Reached target Network is Online.
         Starting iSCSI initiator daemon (iscsid)...
[[0;32m  OK  [0m] Listening on Socket activation for snappy daemon.
[[0;32m  OK  [0m] Listening on LXD - unix socket.
[[0;32m  OK  [0m] Reached target Sockets.
[[0;32m  OK  [0m] Reached target Basic System.
         Starting LSB: MD monitoring daemon...
[[0;32m  OK  [0m] Started ACPI event daemon.
[[0;32m  OK  [0m] Started D-Bus System Message Bus.
         Starting LXD - container startup/shutdown...
[[0;32m  OK  [0m] Started Deferred execution scheduler.
[[0;32m  OK  [0m] Started Regular background program processing daemon.
         Starting /etc/rc.local Compatibility...
[[0;32m  OK  [0m] Started FUSE filesystem for LXC.
         Starting System Logging Service...
         Starting Virtualbox guest utils...
         Starting Accounts Service...
         Starting Login Service...
         Starting Pollinate to seed the pseudo random number generator...
         Starting LSB: Record successful boot for GRUB...
         Starting Snap Daemon...
[[0;32m  OK  [0m] Started iSCSI initiator daemon (iscsid).
[[0;32m  OK  [0m] Started /etc/rc.local Compatibility.
         Starting Login to default iSCSI targets...
[[0;32m  OK  [0m] Started System Logging Service.
[[0;32m  OK  [0m] Started Login Service.
[[0;32m  OK  [0m] Started Unattended Upgrades Shutdown.
[[0;32m  OK  [0m] Started LSB: MD monitoring daemon.
[[0;32m  OK  [0m] Started LSB: Record successful boot for GRUB.
         Starting Authenticate and Authorize Users to Run Privileged Tasks...
[[0;32m  OK  [0m] Started Login to default iSCSI targets.
[[0;32m  OK  [0m] Reached target Remote File Systems (Pre).
[[0;32m  OK  [0m] Reached target Remote File Systems.
         Starting Permit User Sessions...
         Starting LSB: Set the CPU Frequency Scaling governor to "ondemand"...
         Starting LSB: daemon to balance interrupts for SMP systems...
         Starting LSB: automatic crash report generation...
[[0;32m  OK  [0m] Started Permit User Sessions.
[[0;32m  OK  [0m] Started Authenticate and Authorize Users to Run Privileged Tasks.
[[0;32m  OK  [0m] Started Accounts Service.
[[0;32m  OK  [0m] Started LXD - container startup/shutdown.
         Starting Terminate Plymouth Boot Screen...
         Starting Hold until boot process finishes up...
[[0;32m  OK  [0m] Started LSB: Set the CPU Frequency Scaling governor to "ondemand".
[[0;32m  OK  [0m] Started LSB: daemon to balance interrupts for SMP systems.
[[0;32m  OK  [0m] Started LSB: automatic crash report generation.
[[0;32m  OK  [0m] Started Terminate Plymouth Boot Screen.
[[0;32m  OK  [0m] Started Virtualbox guest utils.
[[0;32m  OK  [0m] Started Hold until boot process finishes up.
         Starting Set console scheme...
[[0;32m  OK  [0m] Started Getty on tty1.
[[0;32m  OK  [0m] Started Serial Getty on ttyS0.
[[0;32m  OK  [0m] Reached target Login Prompts.
[[0;32m  OK  [0m] Started Pollinate to seed the pseudo random number generator.
[[0;32m  OK  [0m] Started Set console scheme.
         Starting OpenBSD Secure Shell server...
[[0;32m  OK  [0m] Started OpenBSD Secure Shell server.
[[0;32m  OK  [0m] Started Snap Daemon.
         Starting Wait until snapd is fully seeded...
[[0;32m  OK  [0m] Created slice User Slice of vagrant.
         Starting User Manager for UID 1000...
[[0;32m  OK  [0m] Started Session 1 of user vagrant.
[[0;32m  OK  [0m] Started User Manager for UID 1000.
         Stopping User Manager for UID 1000...
[[0;32m  OK  [0m] Stopped User Manager for UID 1000.
[[0;32m  OK  [0m] Removed slice User Slice of vagrant.
[[0;32m  OK  [0m] Created slice User Slice of vagrant.
         Starting User Manager for UID 1000...
[[0;32m  OK  [0m] Started Session 2 of user vagrant.
[[0;32m  OK  [0m] Started User Manager for UID 1000.

Ubuntu 16.04.7 LTS ubuntu-xenial ttyS0

ubuntu-xenial login: [  239.714859] cloud-init[2410]: Generating locales (this might take a while)...
[  240.262076] cloud-init[2410]:   en_US.UTF-8... done
[  240.265644] cloud-init[2410]: Generation complete.
[  240.394087] cloud-init[2410]: Cloud-init v. 21.1-19-gbad84ad4-0ubuntu1~16.04.2 running 'modules:config' at Fri, 26 Dec 2025 13:54:50 +0000. Up 239.65 seconds.
ci-info: no authorized SSH keys fingerprints found for user ubuntu.
<14>Dec 26 13:54:51 ec2: 
<14>Dec 26 13:54:51 ec2: #############################################################
<14>Dec 26 13:54:51 ec2: -----BEGIN SSH HOST KEY FINGERPRINTS-----
<14>Dec 26 13:54:51 ec2: 1024 SHA256:SQ19G7SwKcFH4dBWaUeomgStYn7Q7s+x95Kvx0eYbIk root@ubuntu-xenial (DSA)
<14>Dec 26 13:54:51 ec2: 256 SHA256:Kur3Ho+t4yZKSrilideUFTAStCQi+8KVUatP/pa878g root@ubuntu-xenial (ECDSA)
<14>Dec 26 13:54:51 ec2: 256 SHA256:FC+EAi8+6P3hbfLdKOqsy3UeF29dHnVcP7g8hAjm7MQ root@ubuntu-xenial (ED25519)
<14>Dec 26 13:54:51 ec2: 2048 SHA256:I88oEpucKGp7L8PtEAG821n6qRdXLVcVitz59cQm7GY root@ubuntu-xenial (RSA)
<14>Dec 26 13:54:51 ec2: -----END SSH HOST KEY FINGERPRINTS-----
<14>Dec 26 13:54:51 ec2: #############################################################
-----BEGIN SSH HOST KEY KEYS-----
ecdsa-sha2-nistp256 AAAAE2VjZHNhLXNoYTItbmlzdHAyNTYAAAAIbmlzdHAyNTYAAABBBNHVZ14vfpF0aQX7dJtCogg42owtKOxF+nFJ7k3jyh4i+Jv/j/GqRPVB2443MTKCW5G28Og0gQtmCisvWV0Idoo= root@ubuntu-xenial
ssh-ed25519 AAAAC3NzaC1lZDI1NTE5AAAAIJK2O61jwTUylX7Mp8eoFEUsT0FGRxpkWSfjldmxZzSc root@ubuntu-xenial
ssh-rsa AAAAB3NzaC1yc2EAAAADAQABAAABAQCw6hNjp9T8SRtwKcO3E6KkAPPTNxh4iO9cMvyiB3YZY7eYabpGwsfNNslqnM/DGXVrCx6S5jKICb88PiMOBPxRxZhRo3MeKiTbg8ukDEPHtL0YsITlxzASe2tWGUo+AISCUwFx5tGnwZ71cNOdegK5uT4HfzHiKfvWm8aYmjyNG3T+95ZTurN5TftoeLU/2EmbJvgmQNIA47HFw6ho/kCnZGtPp/b+iEloC84zM0DtyFb27J89zySQdIZemg1+kEBb8e4ELEm719iXYgioynzrIVgUCT35BNmLTFQ4GV13nVShUhmNoJDxzT1aM8gtQWpBj3t5CWiryVUM1kXc/lmd root@ubuntu-xenial
-----END SSH HOST KEY KEYS-----
[  240.707719] cloud-init[2451]: Cloud-init v. 21.1-19-gbad84ad4-0ubuntu1~16.04.2 running 'modules:final' at Fri, 26 Dec 2025 13:54:51 +0000. Up 240.58 seconds.
[  240.707852] cloud-init[2451]: ci-info: no authorized SSH keys fingerprints found for user ubuntu.
[  240.707917] cloud-init[2451]: Cloud-init v. 21.1-19-gbad84ad4-0ubuntu1~16.04.2 finished at Fri, 26 Dec 2025 13:54:51 +0000. Datasource DataSourceNoCloud [seed=/dev/sdb][dsmode=net].  Up 240.70 seconds
